
==================== Strictness signatures ====================
FacState.fac: <S(S),1*U(U)><L,U>m(,tm(t))


