
==================== Strictness signatures ====================
InfiniteCPR.f: <L,U>m(,)


