
==================== Strictness signatures ====================
InfiniteCPR.f: <L,U>m(,m(tm(,),tm(,)))


