
==================== Strictness signatures ====================
StreamSig.forever: <L,U>tm(,m(,m(,)))


