    {- HasNoCafRefs, Strictness: tm, Unfolding: (GHC.Types.C# 'p') -}
    {- HasNoCafRefs, Strictness: tm, Unfolding: (GHC.Types.C# 'q') -}
